Archive member included to satisfy reference by file (symbol)

C:/avr-gcc/bin/../lib/gcc/avr/15.2.0/avr5\libgcc.a(_udivmodqi4.o)
                              build/LIB/softrtc.o (__udivmodqi4)
C:/avr-gcc/bin/../lib/gcc/avr/15.2.0/avr5\libgcc.a(_udivmodhi4.o)
                              build/HAL/buzzer/buzzer.o (__udivmodhi4)
C:/avr-gcc/bin/../lib/gcc/avr/15.2.0/avr5\libgcc.a(_udivmodsi4.o)
                              build/LIB/softrtc.o (__udivmodsi4)
C:/avr-gcc/bin/../lib/gcc/avr/15.2.0/avr5\libgcc.a(_exit.o)
                              C:/avr-gcc/bin/../lib/gcc/avr/15.2.0/../../../../avr/lib/avr5/crtatmega32.o (exit)
C:/avr-gcc/bin/../lib/gcc/avr/15.2.0/avr5\libgcc.a(_tablejump2.o)
                              build/APP/lane/lane_fsm.o (__tablejump2__)
C:/avr-gcc/bin/../lib/gcc/avr/15.2.0/avr5\libgcc.a(_copy_data.o)
                              build/main.o (__do_copy_data)
C:/avr-gcc/bin/../lib/gcc/avr/15.2.0/avr5\libgcc.a(_clear_bss.o)
                              build/LIB/softrtc.o (__do_clear_bss)

Discarded input sections

 .data          0x00000000        0x0 C:/avr-gcc/bin/../lib/gcc/avr/15.2.0/../../../../avr/lib/avr5/crtatmega32.o
 .bss           0x00000000        0x0 C:/avr-gcc/bin/../lib/gcc/avr/15.2.0/../../../../avr/lib/avr5/crtatmega32.o
 .text          0x00000000        0x0 build/main.o
 .data          0x00000000        0x0 build/main.o
 .bss           0x00000000        0x0 build/main.o
 .text          0x00000000        0x0 build/LIB/checksum.o
 .data          0x00000000        0x0 build/LIB/checksum.o
 .bss           0x00000000        0x0 build/LIB/checksum.o
 .text.XOR_Checksum
                0x00000000       0x20 build/LIB/checksum.o
 .comment       0x00000000       0x13 build/LIB/checksum.o
 .text          0x00000000        0x0 build/LIB/ring_buffer.o
 .data          0x00000000        0x0 build/LIB/ring_buffer.o
 .bss           0x00000000        0x0 build/LIB/ring_buffer.o
 .text.RingBuffer_Init
                0x00000000       0x2e build/LIB/ring_buffer.o
 .text.RingBuffer_Pop
                0x00000000       0x5a build/LIB/ring_buffer.o
 .text.RingBuffer_IsEmpty
                0x00000000       0x2a build/LIB/ring_buffer.o
 .text.RingBuffer_IsFull
                0x00000000       0x30 build/LIB/ring_buffer.o
 .text.RingBuffer_Size
                0x00000000       0x24 build/LIB/ring_buffer.o
 .text.RingBuffer_Clear
                0x00000000       0x20 build/LIB/ring_buffer.o
 .text          0x00000000        0x0 build/LIB/softrtc.o
 .data          0x00000000        0x0 build/LIB/softrtc.o
 .bss           0x00000000        0x0 build/LIB/softrtc.o
 .text.RTC_Tick10ms
                0x00000000       0x3c build/LIB/softrtc.o
 .text.RTC_Seconds
                0x00000000       0x18 build/LIB/softrtc.o
 .text.RTC_Format
                0x00000000      0x114 build/LIB/softrtc.o
 .bss.g_u8SubTick
                0x00000000        0x1 build/LIB/softrtc.o
 .bss.g_u32UptimeSec
                0x00000000        0x4 build/LIB/softrtc.o
 .comment       0x00000000       0x13 build/LIB/softrtc.o
 .text          0x00000000        0x0 build/APP/display/display_task.o
 .data          0x00000000        0x0 build/APP/display/display_task.o
 .bss           0x00000000        0x0 build/APP/display/display_task.o
 .text.DISPLAY_Init
                0x00000000        0x4 build/APP/display/display_task.o
 .rodata.DISPLAY_Task.str1.1
                0x00000000       0x10 build/APP/display/display_task.o
 .text.DISPLAY_Task
                0x00000000       0x92 build/APP/display/display_task.o
 .comment       0x00000000       0x13 build/APP/display/display_task.o
 .text          0x00000000        0x0 build/APP/lane/lane_fsm.o
 .data          0x00000000        0x0 build/APP/lane/lane_fsm.o
 .bss           0x00000000        0x0 build/APP/lane/lane_fsm.o
 .text.LANE_Init
                0x00000000       0x1c build/APP/lane/lane_fsm.o
 .text.LANE_Run
                0x00000000      0x12e build/APP/lane/lane_fsm.o
 .jumptables.gcc.LANE_Run
                0x00000000       0x12 build/APP/lane/lane_fsm.o
 .text.LANE_RequestOpen
                0x00000000        0x6 build/APP/lane/lane_fsm.o
 .text.LANE_GetState
                0x00000000        0x8 build/APP/lane/lane_fsm.o
 .bss.g_exitLane
                0x00000000        0xa build/APP/lane/lane_fsm.o
 .bss.g_entryLane
                0x00000000        0xa build/APP/lane/lane_fsm.o
 .comment       0x00000000       0x13 build/APP/lane/lane_fsm.o
 .text          0x00000000        0x0 build/APP/lot/lot_fsm.o
 .data          0x00000000        0x0 build/APP/lot/lot_fsm.o
 .bss           0x00000000        0x0 build/APP/lot/lot_fsm.o
 .text.LOT_Init
                0x00000000       0x18 build/APP/lot/lot_fsm.o
 .text.LOT_Run  0x00000000       0x64 build/APP/lot/lot_fsm.o
 .text.LOT_GetMap
                0x00000000        0x6 build/APP/lot/lot_fsm.o
 .text.LOT_GetFree
                0x00000000        0x6 build/APP/lot/lot_fsm.o
 .text.LOT_GetOccupied
                0x00000000        0x6 build/APP/lot/lot_fsm.o
 .text.LOT_GetState
                0x00000000        0xa build/APP/lot/lot_fsm.o
 .text.LOT_CanAuthoriseEntry
                0x00000000       0x1a build/APP/lot/lot_fsm.o
 .text.LOT_SetMaintenance
                0x00000000       0x20 build/APP/lot/lot_fsm.o
 .text.LOT_SetFault
                0x00000000       0x20 build/APP/lot/lot_fsm.o
 .bss.g_u8OccupiedSlots
                0x00000000        0x1 build/APP/lot/lot_fsm.o
 .data.g_u8FreeSlots
                0x00000000        0x1 build/APP/lot/lot_fsm.o
 .bss.g_u8SlotMap
                0x00000000        0x1 build/APP/lot/lot_fsm.o
 .bss.g_LotState
                0x00000000        0x2 build/APP/lot/lot_fsm.o
 .comment       0x00000000       0x13 build/APP/lot/lot_fsm.o
 .text          0x00000000        0x0 build/APP/scheduler/scheduler.o
 .data          0x00000000        0x0 build/APP/scheduler/scheduler.o
 .bss           0x00000000        0x0 build/APP/scheduler/scheduler.o
 .text.SCHED_Init
                0x00000000       0x34 build/APP/scheduler/scheduler.o
 .text.SCHED_RegisterTask
                0x00000000       0x3e build/APP/scheduler/scheduler.o
 .text.SCHED_Tick
                0x00000000       0x8a build/APP/scheduler/scheduler.o
 .text.SCHED_GetTickCount
                0x00000000       0x12 build/APP/scheduler/scheduler.o
 .bss.g_tickCount
                0x00000000        0x4 build/APP/scheduler/scheduler.o
 .bss.g_taskCount
                0x00000000        0x1 build/APP/scheduler/scheduler.o
 .bss.g_tasks   0x00000000       0x54 build/APP/scheduler/scheduler.o
 .comment       0x00000000       0x13 build/APP/scheduler/scheduler.o
 .text          0x00000000        0x0 build/HAL/7seg/7seg.o
 .data          0x00000000        0x0 build/HAL/7seg/7seg.o
 .bss           0x00000000        0x0 build/HAL/7seg/7seg.o
 .text.SEG_Show
                0x00000000       0x80 build/HAL/7seg/7seg.o
 .text.SEG_Blank
                0x00000000        0x6 build/HAL/7seg/7seg.o
 .text.SEG_Init
                0x00000000       0x34 build/HAL/7seg/7seg.o
 .text.SEG_GetShadow
                0x00000000        0x6 build/HAL/7seg/7seg.o
 .bss.SEG_u8Primed
                0x00000000        0x1 build/HAL/7seg/7seg.o
 .data.SEG_u8Shadow
                0x00000000        0x1 build/HAL/7seg/7seg.o
 .rodata.SEG_au8Pins
                0x00000000        0x4 build/HAL/7seg/7seg.o
 .comment       0x00000000       0x13 build/HAL/7seg/7seg.o
 .text          0x00000000        0x0 build/HAL/barrier/barrier.o
 .data          0x00000000        0x0 build/HAL/barrier/barrier.o
 .bss           0x00000000        0x0 build/HAL/barrier/barrier.o
 .text.BAR_Init
                0x00000000        0xc build/HAL/barrier/barrier.o
 .text.BAR_Open
                0x00000000        0x8 build/HAL/barrier/barrier.o
 .text.BAR_Close
                0x00000000        0x8 build/HAL/barrier/barrier.o
 .text.BAR_IsMoving
                0x00000000       0x16 build/HAL/barrier/barrier.o
 .comment       0x00000000       0x13 build/HAL/barrier/barrier.o
 .text          0x00000000        0x0 build/HAL/buttons/buttons.o
 .data          0x00000000        0x0 build/HAL/buttons/buttons.o
 .bss           0x00000000        0x0 build/HAL/buttons/buttons.o
 .text.BTN_Init
                0x00000000       0x5a build/HAL/buttons/buttons.o
 .text.BTN_Update
                0x00000000       0x7a build/HAL/buttons/buttons.o
 .text.BTN_GetState
                0x00000000       0x22 build/HAL/buttons/buttons.o
 .text.BTN_IsPressed
                0x00000000       0x12 build/HAL/buttons/buttons.o
 .bss.g_btns    0x00000000       0x48 build/HAL/buttons/buttons.o
 .comment       0x00000000       0x13 build/HAL/buttons/buttons.o
 .text          0x00000000        0x0 build/HAL/buzzer/buzzer.o
 .data          0x00000000        0x0 build/HAL/buzzer/buzzer.o
 .bss           0x00000000        0x0 build/HAL/buzzer/buzzer.o
 .text.BUZ_Init
                0x00000000       0x2c build/HAL/buzzer/buzzer.o
 .text.BUZ_On   0x00000000        0xc build/HAL/buzzer/buzzer.o
 .text.BUZ_Off  0x00000000        0xc build/HAL/buzzer/buzzer.o
 .text.BUZ_Beep
                0x00000000       0x5c build/HAL/buzzer/buzzer.o
 .text.BUZ_Update
                0x00000000       0x74 build/HAL/buzzer/buzzer.o
 .bss.g_buzTicksPerPhase
                0x00000000        0x2 build/HAL/buzzer/buzzer.o
 .bss.g_buzTickCount
                0x00000000        0x2 build/HAL/buzzer/buzzer.o
 .bss.g_buzTargetBeepCount
                0x00000000        0x1 build/HAL/buzzer/buzzer.o
 .bss.g_buzBeepCount
                0x00000000        0x1 build/HAL/buzzer/buzzer.o
 .bss.g_buzState
                0x00000000        0x1 build/HAL/buzzer/buzzer.o
 .bss.g_buzActive
                0x00000000        0x1 build/HAL/buzzer/buzzer.o
 .bss.g_buzPin  0x00000000        0x1 build/HAL/buzzer/buzzer.o
 .comment       0x00000000       0x13 build/HAL/buzzer/buzzer.o
 .text          0x00000000        0x0 build/HAL/lcd/lcd_i2c.o
 .data          0x00000000        0x0 build/HAL/lcd/lcd_i2c.o
 .bss           0x00000000        0x0 build/HAL/lcd/lcd_i2c.o
 .text.LCD_InvalidateShadow
                0x00000000        0x6 build/HAL/lcd/lcd_i2c.o
 .text.LCD_DisplayOn
                0x00000000        0xe build/HAL/lcd/lcd_i2c.o
 .text          0x00000000        0x0 build/HAL/shiftreg/shiftreg.o
 .data          0x00000000        0x0 build/HAL/shiftreg/shiftreg.o
 .bss           0x00000000        0x0 build/HAL/shiftreg/shiftreg.o
 .text.SR_Write
                0x00000000       0x90 build/HAL/shiftreg/shiftreg.o
 .text.SR_Init  0x00000000       0x3a build/HAL/shiftreg/shiftreg.o
 .text.SR_GetShadow
                0x00000000        0xa build/HAL/shiftreg/shiftreg.o
 .bss.SR_u16Shadow
                0x00000000        0x2 build/HAL/shiftreg/shiftreg.o
 .comment       0x00000000       0x13 build/HAL/shiftreg/shiftreg.o
 .text          0x00000000        0x0 build/HAL/slotleds/slotleds.o
 .data          0x00000000        0x0 build/HAL/slotleds/slotleds.o
 .bss           0x00000000        0x0 build/HAL/slotleds/slotleds.o
 .text.LED_Init
                0x00000000       0x1a build/HAL/slotleds/slotleds.o
 .text.LED_Update
                0x00000000       0x9c build/HAL/slotleds/slotleds.o
 .text.LED_TestPattern
                0x00000000       0x4c build/HAL/slotleds/slotleds.o
 .bss.LED_u8Primed
                0x00000000        0x1 build/HAL/slotleds/slotleds.o
 .bss.LED_u16Last
                0x00000000        0x2 build/HAL/slotleds/slotleds.o
 .comment       0x00000000       0x13 build/HAL/slotleds/slotleds.o
 .text          0x00000000        0x0 build/HAL/slots/slots.o
 .data          0x00000000        0x0 build/HAL/slots/slots.o
 .bss           0x00000000        0x0 build/HAL/slots/slots.o
 .text.SLOT_Init
                0x00000000       0x2c build/HAL/slots/slots.o
 .text.SLOT_Poll
                0x00000000       0x5a build/HAL/slots/slots.o
 .text.SLOT_GetMap
                0x00000000        0x6 build/HAL/slots/slots.o
 .text.SLOT_CountFree
                0x00000000       0x2c build/HAL/slots/slots.o
 .bss.SLOT_u8SampleCount
                0x00000000        0x1 build/HAL/slots/slots.o
 .bss.SLOT_u8Candidate
                0x00000000        0x1 build/HAL/slots/slots.o
 .bss.SLOT_u8PublishedMap
                0x00000000        0x1 build/HAL/slots/slots.o
 .comment       0x00000000       0x13 build/HAL/slots/slots.o
 .text          0x00000000        0x0 build/MCAL/adc/ADC.o
 .data          0x00000000        0x0 build/MCAL/adc/ADC.o
 .bss           0x00000000        0x0 build/MCAL/adc/ADC.o
 .text.ADC_Init
                0x00000000       0x26 build/MCAL/adc/ADC.o
 .text.ADC_ReadChannel
                0x00000000       0x2e build/MCAL/adc/ADC.o
 .text.ADC_StartConversion
                0x00000000       0x22 build/MCAL/adc/ADC.o
 .text.ADC_GetResult
                0x00000000       0x1c build/MCAL/adc/ADC.o
 .text.ADC_SetInterrupt
                0x00000000       0x14 build/MCAL/adc/ADC.o
 .comment       0x00000000       0x13 build/MCAL/adc/ADC.o
 .text          0x00000000        0x0 build/MCAL/dio/dio.o
 .data          0x00000000        0x0 build/MCAL/dio/dio.o
 .bss           0x00000000        0x0 build/MCAL/dio/dio.o
 .text.DIO_Init
                0x00000000       0xf8 build/MCAL/dio/dio.o
 .text.DIO_WritePin
                0x00000000       0xa8 build/MCAL/dio/dio.o
 .text.DIO_ReadPin
                0x00000000       0x3e build/MCAL/dio/dio.o
 .text.DIO_WritePort
                0x00000000       0x24 build/MCAL/dio/dio.o
 .text.DIO_ReadPort
                0x00000000       0x2c build/MCAL/dio/dio.o
 .text.DIO_TogglePin
                0x00000000       0x60 build/MCAL/dio/dio.o
 .comment       0x00000000       0x13 build/MCAL/dio/dio.o
 .text          0x00000000        0x0 build/MCAL/exti/exti.o
 .data          0x00000000        0x0 build/MCAL/exti/exti.o
 .bss           0x00000000        0x0 build/MCAL/exti/exti.o
 .text.EXTI_Init
                0x00000000       0x12 build/MCAL/exti/exti.o
 .text.EXTI_SetSense
                0x00000000       0x40 build/MCAL/exti/exti.o
 .text.EXTI_Enable
                0x00000000       0x24 build/MCAL/exti/exti.o
 .text.EXTI_Disable
                0x00000000       0x24 build/MCAL/exti/exti.o
 .text.EXTI_ClearFlag
                0x00000000       0x1e build/MCAL/exti/exti.o
 .text.EXTI_SetCallback
                0x00000000       0x22 build/MCAL/exti/exti.o
 .text          0x00000000        0x0 build/MCAL/i2c/i2c.o
 .data          0x00000000        0x0 build/MCAL/i2c/i2c.o
 .bss           0x00000000        0x0 build/MCAL/i2c/i2c.o
 .text.I2C_ReadAck
                0x00000000       0x2c build/MCAL/i2c/i2c.o
 .text.I2C_ReadNack
                0x00000000       0x2c build/MCAL/i2c/i2c.o
 .text          0x00000000        0x0 build/MCAL/pwm/pwm.o
 .data          0x00000000        0x0 build/MCAL/pwm/pwm.o
 .bss           0x00000000        0x0 build/MCAL/pwm/pwm.o
 .text.PWM_Init
                0x00000000       0x26 build/MCAL/pwm/pwm.o
 .text.PWM_SetPulse
                0x00000000       0x24 build/MCAL/pwm/pwm.o
 .comment       0x00000000       0x13 build/MCAL/pwm/pwm.o
 .text          0x00000000        0x0 build/MCAL/spi/spi.o
 .data          0x00000000        0x0 build/MCAL/spi/spi.o
 .bss           0x00000000        0x0 build/MCAL/spi/spi.o
 .text.SPI_Init
                0x00000000       0x12 build/MCAL/spi/spi.o
 .text.SPI_Transfer
                0x00000000       0x1a build/MCAL/spi/spi.o
 .comment       0x00000000       0x13 build/MCAL/spi/spi.o
 .text          0x00000000        0x0 build/MCAL/timer/timer.o
 .data          0x00000000        0x0 build/MCAL/timer/timer.o
 .bss           0x00000000        0x0 build/MCAL/timer/timer.o
 .text.TMR0_InitCTC
                0x00000000       0x18 build/MCAL/timer/timer.o
 .text.TMR0_Start
                0x00000000        0xc build/MCAL/timer/timer.o
 .text.TMR0_Stop
                0x00000000        0xa build/MCAL/timer/timer.o
 .text.TMR0_SetCompare
                0x00000000        0x6 build/MCAL/timer/timer.o
 .text.TMR0_SetCallback
                0x00000000       0x14 build/MCAL/timer/timer.o
 .text          0x00000000        0x0 build/MCAL/tone/tone.o
 .data          0x00000000        0x0 build/MCAL/tone/tone.o
 .bss           0x00000000        0x0 build/MCAL/tone/tone.o
 .text.TONE_Init
                0x00000000       0x12 build/MCAL/tone/tone.o
 .text.TONE_Start
                0x00000000        0x8 build/MCAL/tone/tone.o
 .text.TONE_Stop
                0x00000000        0xa build/MCAL/tone/tone.o
 .comment       0x00000000       0x13 build/MCAL/tone/tone.o
 .text          0x00000000        0x0 build/MCAL/usart/usart.o
 .data          0x00000000        0x0 build/MCAL/usart/usart.o
 .bss           0x00000000        0x0 build/MCAL/usart/usart.o
 .text.USART_Init
                0x00000000       0x2c build/MCAL/usart/usart.o
 .text.USART_SendByte
                0x00000000        0xa build/MCAL/usart/usart.o
 .text.USART_ReceiveByte
                0x00000000       0x1e build/MCAL/usart/usart.o
 .text.USART_SendString
                0x00000000       0x20 build/MCAL/usart/usart.o
 .bss.g_USARTRxStorage
                0x00000000       0x40 build/MCAL/usart/usart.o
 .text          0x00000000        0x0 C:/avr-gcc/bin/../lib/gcc/avr/15.2.0/avr5\libgcc.a(_udivmodqi4.o)
 .data          0x00000000        0x0 C:/avr-gcc/bin/../lib/gcc/avr/15.2.0/avr5\libgcc.a(_udivmodqi4.o)
 .bss           0x00000000        0x0 C:/avr-gcc/bin/../lib/gcc/avr/15.2.0/avr5\libgcc.a(_udivmodqi4.o)
 .text.libgcc.mul
                0x00000000        0x0 C:/avr-gcc/bin/../lib/gcc/avr/15.2.0/avr5\libgcc.a(_udivmodqi4.o)
 .text.libgcc.div
                0x00000000       0x18 C:/avr-gcc/bin/../lib/gcc/avr/15.2.0/avr5\libgcc.a(_udivmodqi4.o)
 .text.libgcc   0x00000000        0x0 C:/avr-gcc/bin/../lib/gcc/avr/15.2.0/avr5\libgcc.a(_udivmodqi4.o)
 .text.libgcc.prologue
                0x00000000        0x0 C:/avr-gcc/bin/../lib/gcc/avr/15.2.0/avr5\libgcc.a(_udivmodqi4.o)
 .text.libgcc.builtins
                0x00000000        0x0 C:/avr-gcc/bin/../lib/gcc/avr/15.2.0/avr5\libgcc.a(_udivmodqi4.o)
 .text.libgcc.fmul
                0x00000000        0x0 C:/avr-gcc/bin/../lib/gcc/avr/15.2.0/avr5\libgcc.a(_udivmodqi4.o)
 .text.libgcc.fixed
                0x00000000        0x0 C:/avr-gcc/bin/../lib/gcc/avr/15.2.0/avr5\libgcc.a(_udivmodqi4.o)
 .debug_line    0x00000000       0x8d C:/avr-gcc/bin/../lib/gcc/avr/15.2.0/avr5\libgcc.a(_udivmodqi4.o)
 .debug_line_str
                0x00000000       0x5c C:/avr-gcc/bin/../lib/gcc/avr/15.2.0/avr5\libgcc.a(_udivmodqi4.o)
 .debug_info    0x00000000       0x24 C:/avr-gcc/bin/../lib/gcc/avr/15.2.0/avr5\libgcc.a(_udivmodqi4.o)
 .debug_abbrev  0x00000000       0x14 C:/avr-gcc/bin/../lib/gcc/avr/15.2.0/avr5\libgcc.a(_udivmodqi4.o)
 .debug_aranges
                0x00000000       0x20 C:/avr-gcc/bin/../lib/gcc/avr/15.2.0/avr5\libgcc.a(_udivmodqi4.o)
 .debug_str     0x00000000       0x68 C:/avr-gcc/bin/../lib/gcc/avr/15.2.0/avr5\libgcc.a(_udivmodqi4.o)
 .text          0x00000000        0x0 C:/avr-gcc/bin/../lib/gcc/avr/15.2.0/avr5\libgcc.a(_udivmodhi4.o)
 .data          0x00000000        0x0 C:/avr-gcc/bin/../lib/gcc/avr/15.2.0/avr5\libgcc.a(_udivmodhi4.o)
 .bss           0x00000000        0x0 C:/avr-gcc/bin/../lib/gcc/avr/15.2.0/avr5\libgcc.a(_udivmodhi4.o)
 .text.libgcc.mul
                0x00000000        0x0 C:/avr-gcc/bin/../lib/gcc/avr/15.2.0/avr5\libgcc.a(_udivmodhi4.o)
 .text.libgcc.div
                0x00000000       0x28 C:/avr-gcc/bin/../lib/gcc/avr/15.2.0/avr5\libgcc.a(_udivmodhi4.o)
 .text.libgcc   0x00000000        0x0 C:/avr-gcc/bin/../lib/gcc/avr/15.2.0/avr5\libgcc.a(_udivmodhi4.o)
 .text.libgcc.prologue
                0x00000000        0x0 C:/avr-gcc/bin/../lib/gcc/avr/15.2.0/avr5\libgcc.a(_udivmodhi4.o)
 .text.libgcc.builtins
                0x00000000        0x0 C:/avr-gcc/bin/../lib/gcc/avr/15.2.0/avr5\libgcc.a(_udivmodhi4.o)
 .text.libgcc.fmul
                0x00000000        0x0 C:/avr-gcc/bin/../lib/gcc/avr/15.2.0/avr5\libgcc.a(_udivmodhi4.o)
 .text.libgcc.fixed
                0x00000000        0x0 C:/avr-gcc/bin/../lib/gcc/avr/15.2.0/avr5\libgcc.a(_udivmodhi4.o)
 .debug_line    0x00000000       0xbd C:/avr-gcc/bin/../lib/gcc/avr/15.2.0/avr5\libgcc.a(_udivmodhi4.o)
 .debug_line_str
                0x00000000       0x5c C:/avr-gcc/bin/../lib/gcc/avr/15.2.0/avr5\libgcc.a(_udivmodhi4.o)
 .debug_info    0x00000000       0x24 C:/avr-gcc/bin/../lib/gcc/avr/15.2.0/avr5\libgcc.a(_udivmodhi4.o)
 .debug_abbrev  0x00000000       0x14 C:/avr-gcc/bin/../lib/gcc/avr/15.2.0/avr5\libgcc.a(_udivmodhi4.o)
 .debug_aranges
                0x00000000       0x20 C:/avr-gcc/bin/../lib/gcc/avr/15.2.0/avr5\libgcc.a(_udivmodhi4.o)
 .debug_str     0x00000000       0x68 C:/avr-gcc/bin/../lib/gcc/avr/15.2.0/avr5\libgcc.a(_udivmodhi4.o)
 .text          0x00000000        0x0 C:/avr-gcc/bin/../lib/gcc/avr/15.2.0/avr5\libgcc.a(_udivmodsi4.o)
 .data          0x00000000        0x0 C:/avr-gcc/bin/../lib/gcc/avr/15.2.0/avr5\libgcc.a(_udivmodsi4.o)
 .bss           0x00000000        0x0 C:/avr-gcc/bin/../lib/gcc/avr/15.2.0/avr5\libgcc.a(_udivmodsi4.o)
 .text.libgcc.mul
                0x00000000        0x0 C:/avr-gcc/bin/../lib/gcc/avr/15.2.0/avr5\libgcc.a(_udivmodsi4.o)
 .text.libgcc.div
                0x00000000       0x44 C:/avr-gcc/bin/../lib/gcc/avr/15.2.0/avr5\libgcc.a(_udivmodsi4.o)
 .text.libgcc   0x00000000        0x0 C:/avr-gcc/bin/../lib/gcc/avr/15.2.0/avr5\libgcc.a(_udivmodsi4.o)
 .text.libgcc.prologue
                0x00000000        0x0 C:/avr-gcc/bin/../lib/gcc/avr/15.2.0/avr5\libgcc.a(_udivmodsi4.o)
 .text.libgcc.builtins
                0x00000000        0x0 C:/avr-gcc/bin/../lib/gcc/avr/15.2.0/avr5\libgcc.a(_udivmodsi4.o)
 .text.libgcc.fmul
                0x00000000        0x0 C:/avr-gcc/bin/../lib/gcc/avr/15.2.0/avr5\libgcc.a(_udivmodsi4.o)
 .text.libgcc.fixed
                0x00000000        0x0 C:/avr-gcc/bin/../lib/gcc/avr/15.2.0/avr5\libgcc.a(_udivmodsi4.o)
 .debug_line    0x00000000      0x111 C:/avr-gcc/bin/../lib/gcc/avr/15.2.0/avr5\libgcc.a(_udivmodsi4.o)
 .debug_line_str
                0x00000000       0x5c C:/avr-gcc/bin/../lib/gcc/avr/15.2.0/avr5\libgcc.a(_udivmodsi4.o)
 .debug_info    0x00000000       0x24 C:/avr-gcc/bin/../lib/gcc/avr/15.2.0/avr5\libgcc.a(_udivmodsi4.o)
 .debug_abbrev  0x00000000       0x14 C:/avr-gcc/bin/../lib/gcc/avr/15.2.0/avr5\libgcc.a(_udivmodsi4.o)
 .debug_aranges
                0x00000000       0x20 C:/avr-gcc/bin/../lib/gcc/avr/15.2.0/avr5\libgcc.a(_udivmodsi4.o)
 .debug_str     0x00000000       0x68 C:/avr-gcc/bin/../lib/gcc/avr/15.2.0/avr5\libgcc.a(_udivmodsi4.o)
 .text          0x00000000        0x0 C:/avr-gcc/bin/../lib/gcc/avr/15.2.0/avr5\libgcc.a(_exit.o)
 .data          0x00000000        0x0 C:/avr-gcc/bin/../lib/gcc/avr/15.2.0/avr5\libgcc.a(_exit.o)
 .bss           0x00000000        0x0 C:/avr-gcc/bin/../lib/gcc/avr/15.2.0/avr5\libgcc.a(_exit.o)
 .text.libgcc.mul
                0x00000000        0x0 C:/avr-gcc/bin/../lib/gcc/avr/15.2.0/avr5\libgcc.a(_exit.o)
 .text.libgcc.div
                0x00000000        0x0 C:/avr-gcc/bin/../lib/gcc/avr/15.2.0/avr5\libgcc.a(_exit.o)
 .text.libgcc   0x00000000        0x0 C:/avr-gcc/bin/../lib/gcc/avr/15.2.0/avr5\libgcc.a(_exit.o)
 .text.libgcc.prologue
                0x00000000        0x0 C:/avr-gcc/bin/../lib/gcc/avr/15.2.0/avr5\libgcc.a(_exit.o)
 .text.libgcc.builtins
                0x00000000        0x0 C:/avr-gcc/bin/../lib/gcc/avr/15.2.0/avr5\libgcc.a(_exit.o)
 .text.libgcc.fmul
                0x00000000        0x0 C:/avr-gcc/bin/../lib/gcc/avr/15.2.0/avr5\libgcc.a(_exit.o)
 .text.libgcc.fixed
                0x00000000        0x0 C:/avr-gcc/bin/../lib/gcc/avr/15.2.0/avr5\libgcc.a(_exit.o)
 .text          0x00000000        0x0 C:/avr-gcc/bin/../lib/gcc/avr/15.2.0/avr5\libgcc.a(_tablejump2.o)
 .data          0x00000000        0x0 C:/avr-gcc/bin/../lib/gcc/avr/15.2.0/avr5\libgcc.a(_tablejump2.o)
 .bss           0x00000000        0x0 C:/avr-gcc/bin/../lib/gcc/avr/15.2.0/avr5\libgcc.a(_tablejump2.o)
 .text.libgcc.mul
                0x00000000        0x0 C:/avr-gcc/bin/../lib/gcc/avr/15.2.0/avr5\libgcc.a(_tablejump2.o)
 .text.libgcc.div
                0x00000000        0x0 C:/avr-gcc/bin/../lib/gcc/avr/15.2.0/avr5\libgcc.a(_tablejump2.o)
 .text.libgcc   0x00000000        0xc C:/avr-gcc/bin/../lib/gcc/avr/15.2.0/avr5\libgcc.a(_tablejump2.o)
 .text.libgcc.prologue
                0x00000000        0x0 C:/avr-gcc/bin/../lib/gcc/avr/15.2.0/avr5\libgcc.a(_tablejump2.o)
 .text.libgcc.builtins
                0x00000000        0x0 C:/avr-gcc/bin/../lib/gcc/avr/15.2.0/avr5\libgcc.a(_tablejump2.o)
 .text.libgcc.fmul
                0x00000000        0x0 C:/avr-gcc/bin/../lib/gcc/avr/15.2.0/avr5\libgcc.a(_tablejump2.o)
 .text.libgcc.fixed
                0x00000000        0x0 C:/avr-gcc/bin/../lib/gcc/avr/15.2.0/avr5\libgcc.a(_tablejump2.o)
 .debug_line    0x00000000       0x69 C:/avr-gcc/bin/../lib/gcc/avr/15.2.0/avr5\libgcc.a(_tablejump2.o)
 .debug_line_str
                0x00000000       0x5c C:/avr-gcc/bin/../lib/gcc/avr/15.2.0/avr5\libgcc.a(_tablejump2.o)
 .debug_info    0x00000000       0x24 C:/avr-gcc/bin/../lib/gcc/avr/15.2.0/avr5\libgcc.a(_tablejump2.o)
 .debug_abbrev  0x00000000       0x14 C:/avr-gcc/bin/../lib/gcc/avr/15.2.0/avr5\libgcc.a(_tablejump2.o)
 .debug_aranges
                0x00000000       0x20 C:/avr-gcc/bin/../lib/gcc/avr/15.2.0/avr5\libgcc.a(_tablejump2.o)
 .debug_str     0x00000000       0x68 C:/avr-gcc/bin/../lib/gcc/avr/15.2.0/avr5\libgcc.a(_tablejump2.o)
 .text          0x00000000        0x0 C:/avr-gcc/bin/../lib/gcc/avr/15.2.0/avr5\libgcc.a(_copy_data.o)
 .data          0x00000000        0x0 C:/avr-gcc/bin/../lib/gcc/avr/15.2.0/avr5\libgcc.a(_copy_data.o)
 .bss           0x00000000        0x0 C:/avr-gcc/bin/../lib/gcc/avr/15.2.0/avr5\libgcc.a(_copy_data.o)
 .text.libgcc.mul
                0x00000000        0x0 C:/avr-gcc/bin/../lib/gcc/avr/15.2.0/avr5\libgcc.a(_copy_data.o)
 .text.libgcc.div
                0x00000000        0x0 C:/avr-gcc/bin/../lib/gcc/avr/15.2.0/avr5\libgcc.a(_copy_data.o)
 .text.libgcc   0x00000000        0x0 C:/avr-gcc/bin/../lib/gcc/avr/15.2.0/avr5\libgcc.a(_copy_data.o)
 .text.libgcc.prologue
                0x00000000        0x0 C:/avr-gcc/bin/../lib/gcc/avr/15.2.0/avr5\libgcc.a(_copy_data.o)
 .text.libgcc.builtins
                0x00000000        0x0 C:/avr-gcc/bin/../lib/gcc/avr/15.2.0/avr5\libgcc.a(_copy_data.o)
 .text.libgcc.fmul
                0x00000000        0x0 C:/avr-gcc/bin/../lib/gcc/avr/15.2.0/avr5\libgcc.a(_copy_data.o)
 .text.libgcc.fixed
                0x00000000        0x0 C:/avr-gcc/bin/../lib/gcc/avr/15.2.0/avr5\libgcc.a(_copy_data.o)
 .text          0x00000000        0x0 C:/avr-gcc/bin/../lib/gcc/avr/15.2.0/avr5\libgcc.a(_clear_bss.o)
 .data          0x00000000        0x0 C:/avr-gcc/bin/../lib/gcc/avr/15.2.0/avr5\libgcc.a(_clear_bss.o)
 .bss           0x00000000        0x0 C:/avr-gcc/bin/../lib/gcc/avr/15.2.0/avr5\libgcc.a(_clear_bss.o)
 .text.libgcc.mul
                0x00000000        0x0 C:/avr-gcc/bin/../lib/gcc/avr/15.2.0/avr5\libgcc.a(_clear_bss.o)
 .text.libgcc.div
                0x00000000        0x0 C:/avr-gcc/bin/../lib/gcc/avr/15.2.0/avr5\libgcc.a(_clear_bss.o)
 .text.libgcc   0x00000000        0x0 C:/avr-gcc/bin/../lib/gcc/avr/15.2.0/avr5\libgcc.a(_clear_bss.o)
 .text.libgcc.prologue
                0x00000000        0x0 C:/avr-gcc/bin/../lib/gcc/avr/15.2.0/avr5\libgcc.a(_clear_bss.o)
 .text.libgcc.builtins
                0x00000000        0x0 C:/avr-gcc/bin/../lib/gcc/avr/15.2.0/avr5\libgcc.a(_clear_bss.o)
 .text.libgcc.fmul
                0x00000000        0x0 C:/avr-gcc/bin/../lib/gcc/avr/15.2.0/avr5\libgcc.a(_clear_bss.o)
 .text.libgcc.fixed
                0x00000000        0x0 C:/avr-gcc/bin/../lib/gcc/avr/15.2.0/avr5\libgcc.a(_clear_bss.o)

Memory Configuration

Name             Origin             Length             Attributes
text             0x00000000         0x00008000         xr
data             0x00800060         0x00000800         rw!x
eeprom           0x00810000         0x00000400         rw!x
fuse             0x00820000         0x00000002         rw!x
lock             0x00830000         0x00000400         rw!x
signature        0x00840000         0x00000400         rw!x
user_signatures  0x00850000         0x00000400         rw!x
*default*        0x00000000         0xffffffff

Linker script and memory map

LOAD C:/avr-gcc/bin/../lib/gcc/avr/15.2.0/../../../../avr/lib/avr5/crtatmega32.o
LOAD build/main.o
LOAD build/LIB/checksum.o
LOAD build/LIB/ring_buffer.o
LOAD build/LIB/softrtc.o
LOAD build/APP/display/display_task.o
LOAD build/APP/lane/lane_fsm.o
LOAD build/APP/lot/lot_fsm.o
LOAD build/APP/scheduler/scheduler.o
LOAD build/HAL/7seg/7seg.o
LOAD build/HAL/barrier/barrier.o
LOAD build/HAL/buttons/buttons.o
LOAD build/HAL/buzzer/buzzer.o
LOAD build/HAL/lcd/lcd_i2c.o
LOAD build/HAL/shiftreg/shiftreg.o
LOAD build/HAL/slotleds/slotleds.o
LOAD build/HAL/slots/slots.o
LOAD build/MCAL/adc/ADC.o
LOAD build/MCAL/dio/dio.o
LOAD build/MCAL/exti/exti.o
LOAD build/MCAL/i2c/i2c.o
LOAD build/MCAL/pwm/pwm.o
LOAD build/MCAL/spi/spi.o
LOAD build/MCAL/timer/timer.o
LOAD build/MCAL/tone/tone.o
LOAD build/MCAL/usart/usart.o
START GROUP
LOAD C:/avr-gcc/bin/../lib/gcc/avr/15.2.0/avr5\libgcc.a
LOAD C:/avr-gcc/bin/../lib/gcc/avr/15.2.0/../../../../avr/lib/avr5\libm.a
LOAD C:/avr-gcc/bin/../lib/gcc/avr/15.2.0/../../../../avr/lib/avr5\libc.a
LOAD C:/avr-gcc/bin/../lib/gcc/avr/15.2.0/../../../../avr/lib/avr5\libatmega32.a
END GROUP
                [0x00000000]                      __TEXT_REGION_ORIGIN__ = DEFINED (__TEXT_REGION_ORIGIN__)?__TEXT_REGION_ORIGIN__:0x0
                [0x00008000]                      __TEXT_REGION_LENGTH__ = DEFINED (__TEXT_REGION_LENGTH__)?__TEXT_REGION_LENGTH__:0x20000
                [0x00800060]                      __DATA_REGION_ORIGIN__ = DEFINED (__DATA_REGION_ORIGIN__)?__DATA_REGION_ORIGIN__:0x800060
                [0x00000800]                      __DATA_REGION_LENGTH__ = DEFINED (__DATA_REGION_LENGTH__)?__DATA_REGION_LENGTH__:0xffa0
                [0x00000400]                      __EEPROM_REGION_LENGTH__ = DEFINED (__EEPROM_REGION_LENGTH__)?__EEPROM_REGION_LENGTH__:0x10000
                [0x00000002]                      __FUSE_REGION_LENGTH__ = DEFINED (__FUSE_REGION_LENGTH__)?__FUSE_REGION_LENGTH__:0x400
                0x00000400                        __LOCK_REGION_LENGTH__ = DEFINED (__LOCK_REGION_LENGTH__)?__LOCK_REGION_LENGTH__:0x400
                0x00000400                        __SIGNATURE_REGION_LENGTH__ = DEFINED (__SIGNATURE_REGION_LENGTH__)?__SIGNATURE_REGION_LENGTH__:0x400
                0x00000400                        __USER_SIGNATURE_REGION_LENGTH__ = DEFINED (__USER_SIGNATURE_REGION_LENGTH__)?__USER_SIGNATURE_REGION_LENGTH__:0x400

.hash
 *(.hash)

.dynsym
 *(.dynsym)

.dynstr
 *(.dynstr)

.gnu.version
 *(.gnu.version)

.gnu.version_d
 *(.gnu.version_d)

.gnu.version_r
 *(.gnu.version_r)

.rel.init
 *(.rel.init)

.rela.init
 *(.rela.init)

.rel.text
 *(.rel.text)
 *(.rel.text.*)
 *(.rel.gnu.linkonce.t*)

.rela.text
 *(.rela.text)
 *(.rela.text.*)
 *(.rela.gnu.linkonce.t*)

.rel.fini
 *(.rel.fini)

.rela.fini
 *(.rela.fini)

.rel.rodata
 *(.rel.rodata)
 *(.rel.rodata.*)
 *(.rel.gnu.linkonce.r*)

.rela.rodata
 *(.rela.rodata)
 *(.rela.rodata.*)
 *(.rela.gnu.linkonce.r*)

.rel.data
 *(.rel.data)
 *(.rel.data.*)
 *(.rel.gnu.linkonce.d*)

.rela.data
 *(.rela.data)
 *(.rela.data.*)
 *(.rela.gnu.linkonce.d*)

.rel.ctors
 *(.rel.ctors)

.rela.ctors
 *(.rela.ctors)

.rel.dtors
 *(.rel.dtors)

.rela.dtors
 *(.rela.dtors)

.rel.got
 *(.rel.got)

.rela.got
 *(.rela.got)

.rel.bss
 *(.rel.bss)

.rela.bss
 *(.rela.bss)

.rel.plt
 *(.rel.plt)

.rela.plt
 *(.rela.plt)

.text           0x00000000      0x70a
 *(.vectors)
 .vectors       0x00000000       0x54 C:/avr-gcc/bin/../lib/gcc/avr/15.2.0/../../../../avr/lib/avr5/crtatmega32.o
                0x00000000                __vector_default
                0x00000000                __vectors
 *(.vectors)
                0x00000054                        __progmem_start = .
 *(.progmem)
 *(.progmem.*)
                0x00000054                        __progmem_end = .
                0x00000001                        ASSERT (((__progmem_start == __progmem_end) || (__progmem_end <= 0x10000)), .progmem section exceeds 0x10000)
                0x00000054                        . = ALIGN (0x2)
                0x00000054                        __trampolines_start = .
 *(.trampolines)
 .trampolines   0x00000054        0x0 linker stubs
 *(.trampolines*)
                0x00000054                        __trampolines_end = .
                0x00000054                        . = ALIGN (0x2)
 *(.lowtext)
 *(.lowtext*)
                0x00000054                        __ctors_start = .
 *(.ctors)
                0x00000054                        __ctors_end = .
                0x00000054                        __dtors_start = .
 *(.dtors)
                0x00000054                        __dtors_end = .
 SORT_BY_NAME(*)(.ctors)
 SORT_BY_NAME(*)(.dtors)
 *(.init0)
 .init0         0x00000054        0x0 C:/avr-gcc/bin/../lib/gcc/avr/15.2.0/../../../../avr/lib/avr5/crtatmega32.o
                0x00000054                __init
 *(.init0)
 *(.init1)
 *(.init1)
 *(.init2)
 .init2         0x00000054        0xc C:/avr-gcc/bin/../lib/gcc/avr/15.2.0/../../../../avr/lib/avr5/crtatmega32.o
 *(.init2)
 *(.init3)
 *(.init3)
 *(.init4)
 .init4         0x00000060       0x16 C:/avr-gcc/bin/../lib/gcc/avr/15.2.0/avr5\libgcc.a(_copy_data.o)
                0x00000060                __do_copy_data
 .init4         0x00000076       0x10 C:/avr-gcc/bin/../lib/gcc/avr/15.2.0/avr5\libgcc.a(_clear_bss.o)
                0x00000076                __do_clear_bss
 *(.init4)
 *(.init5)
 *(.init5)
 *(.init6)
 *(.init6)
 *(.init7)
 *(.init7)
 *(.init8)
 *(.init8)
 *(.init9)
 .init9         0x00000086        0x8 C:/avr-gcc/bin/../lib/gcc/avr/15.2.0/../../../../avr/lib/avr5/crtatmega32.o
 *(.init9)
 *(.text)
 .text          0x0000008e        0x4 C:/avr-gcc/bin/../lib/gcc/avr/15.2.0/../../../../avr/lib/avr5/crtatmega32.o
                0x0000008e                __vector_12
                0x0000008e                __bad_interrupt
                0x0000008e                __vector_6
                0x0000008e                __vector_11
                0x0000008e                __vector_17
                0x0000008e                __vector_19
                0x0000008e                __vector_7
                0x0000008e                __vector_5
                0x0000008e                __vector_4
                0x0000008e                __vector_9
                0x0000008e                __vector_15
                0x0000008e                __vector_8
                0x0000008e                __vector_14
                0x0000008e                __vector_16
                0x0000008e                __vector_18
                0x0000008e                __vector_20
                0x00000092                        . = ALIGN (0x2)
 *(.text.*)
 .text.SR_Delay
                0x00000092       0x4a build/main.o
 .text.startup.main
                0x000000dc       0x80 build/main.o
                0x000000dc                main
 .text.RingBuffer_Push
                0x0000015c       0x56 build/LIB/ring_buffer.o
                0x0000015c                RingBuffer_Push
 .text.LCD_SendCommand
                0x000001b2       0x44 build/HAL/lcd/lcd_i2c.o
 .text.LCD_Init
                0x000001f6       0x8e build/HAL/lcd/lcd_i2c.o
                0x000001f6                LCD_Init
 .text.LCD_Clear
                0x00000284       0x14 build/HAL/lcd/lcd_i2c.o
                0x00000284                LCD_Clear
 .text.LCD_SetCursor
                0x00000298       0x1c build/HAL/lcd/lcd_i2c.o
                0x00000298                LCD_SetCursor
 .text.LCD_WriteChar
                0x000002b4       0x46 build/HAL/lcd/lcd_i2c.o
                0x000002b4                LCD_WriteChar
 .text.LCD_WriteString
                0x000002fa       0x64 build/HAL/lcd/lcd_i2c.o
                0x000002fa                LCD_WriteString
 .text.LCD_Paint
                0x0000035e      0x18e build/HAL/lcd/lcd_i2c.o
                0x0000035e                LCD_Paint
 .text.__vector_1
                0x000004ec       0x52 build/MCAL/exti/exti.o
                0x000004ec                __vector_1
 .text.__vector_2
                0x0000053e       0x52 build/MCAL/exti/exti.o
                0x0000053e                __vector_2
 .text.__vector_3
                0x00000590       0x52 build/MCAL/exti/exti.o
                0x00000590                __vector_3
 .text.I2C_WaitForInterrupt
                0x000005e2       0x20 build/MCAL/i2c/i2c.o
 .text.I2C_Init
                0x00000602       0x14 build/MCAL/i2c/i2c.o
                0x00000602                I2C_Init
 .text.I2C_Start
                0x00000616       0x22 build/MCAL/i2c/i2c.o
                0x00000616                I2C_Start
 .text.I2C_Stop
                0x00000638        0x8 build/MCAL/i2c/i2c.o
                0x00000638                I2C_Stop
 .text.I2C_Write
                0x00000640       0x26 build/MCAL/i2c/i2c.o
                0x00000640                I2C_Write
 .text.__vector_10
                0x00000666       0x52 build/MCAL/timer/timer.o
                0x00000666                __vector_10
 .text.__vector_13
                0x000006b8       0x4e build/MCAL/usart/usart.o
                0x000006b8                __vector_13
                0x00000706                        . = ALIGN (0x2)
 *(.fini9)
 .fini9         0x00000706        0x0 C:/avr-gcc/bin/../lib/gcc/avr/15.2.0/avr5\libgcc.a(_exit.o)
                0x00000706                _exit
                0x00000706                exit
 *(.fini9)
 *(.fini8)
 *(.fini8)
 *(.fini7)
 *(.fini7)
 *(.fini6)
 *(.fini6)
 *(.fini5)
 *(.fini5)
 *(.fini4)
 *(.fini4)
 *(.fini3)
 *(.fini3)
 *(.fini2)
 *(.fini2)
 *(.fini1)
 *(.fini1)
 *(.fini0)
 .fini0         0x00000706        0x4 C:/avr-gcc/bin/../lib/gcc/avr/15.2.0/avr5\libgcc.a(_exit.o)
 *(.fini0)
 *(.hightext)
 *(.hightext*)
 *(.progmemx)
 *(.progmemx.*)
                0x0000070a                        . = ALIGN (0x2)
 *(.jumptables)
 *(.jumptables*)
                0x0000070a                        _etext = .

.data           0x00800060       0x4e load address 0x0000070a
                0x00800060                        PROVIDE (__data_start = .)
 *(.data)
 *(.data*)
 *(.gnu.linkonce.d*)
 *(.rodata)
 *(.rodata*)
 .rodata.main.str1.1
                0x00800060       0x4e build/main.o
 *(.gnu.linkonce.r*)
                0x008000ae                        . = ALIGN (0x2)
                0x008000ae                        _edata = .
                0x008000ae                        PROVIDE (__data_end = .)

.bss            0x008000ae       0x33
                0x008000ae                        PROVIDE (__bss_start = .)
 *(.bss)
 *(.bss*)
 .bss.LCD_u8ShadowValid
                0x008000ae        0x1 build/HAL/lcd/lcd_i2c.o
 .bss.LCD_au8Shadow
                0x008000af       0x20 build/HAL/lcd/lcd_i2c.o
 .bss.g_EXTICallback
                0x008000cf        0x6 build/MCAL/exti/exti.o
 .bss.g_TMR0Callback
                0x008000d5        0x2 build/MCAL/timer/timer.o
 .bss.g_USARTRxBuffer
                0x008000d7        0xa build/MCAL/usart/usart.o
 *(COMMON)
                0x008000e1                        PROVIDE (__bss_end = .)
                0x0000070a                        __data_load_start = LOADADDR (.data)
                0x00000758                        __data_load_end = (__data_load_start + SIZEOF (.data))

.noinit         0x008000e1        0x0
                [!provide]                        PROVIDE (__noinit_start = .)
 *(.noinit .noinit.* .gnu.linkonce.n.*)
                [!provide]                        PROVIDE (__noinit_end = .)
                0x008000e1                        _end = .
                [!provide]                        PROVIDE (__heap_start = .)
                0x00000000                        __flmap_init_label = DEFINED (__flmap_noinit_start)?__flmap_noinit_start:0x0
                0x00000000                        __flmap = DEFINED (__flmap)?__flmap:0x0

.eeprom         0x00810000        0x0
 *(.eeprom*)
                0x00810000                        __eeprom_end = .

.fuse
 *(.fuse)
 *(.lfuse)
 *(.hfuse)
 *(.efuse)

.lock
 *(.lock*)

.signature
 *(.signature*)

.stab
 *(.stab)

.stabstr
 *(.stabstr)

.stab.excl
 *(.stab.excl)

.stab.exclstr
 *(.stab.exclstr)

.stab.index
 *(.stab.index)

.stab.indexstr
 *(.stab.indexstr)

.comment        0x00000000       0x12
 *(.comment)
 .comment       0x00000000       0x12 build/main.o
                                 0x13 (size before relaxing)
 .comment       0x00000012        0x0 build/LIB/ring_buffer.o
                                 0x13 (size before relaxing)
 .comment       0x00000012        0x0 build/HAL/lcd/lcd_i2c.o
                                 0x13 (size before relaxing)
 .comment       0x00000012        0x0 build/MCAL/exti/exti.o
                                 0x13 (size before relaxing)
 .comment       0x00000012        0x0 build/MCAL/i2c/i2c.o
                                 0x13 (size before relaxing)
 .comment       0x00000012        0x0 build/MCAL/timer/timer.o
                                 0x13 (size before relaxing)
 .comment       0x00000012        0x0 build/MCAL/usart/usart.o
                                 0x13 (size before relaxing)

.note.gnu.avr.deviceinfo
                0x00000000       0x3c
 .note.gnu.avr.deviceinfo
                0x00000000       0x3c C:/avr-gcc/bin/../lib/gcc/avr/15.2.0/../../../../avr/lib/avr5/crtatmega32.o

.gnu.build.attributes
 *(.gnu.build.attributes .gnu.build.attributes.*)

.note.gnu.build-id
 *(.note.gnu.build-id)

.debug
 *(.debug)

.line
 *(.line)

.debug_srcinfo
 *(.debug_srcinfo)

.debug_sfnames
 *(.debug_sfnames)

.debug_aranges  0x00000000       0x60
 *(.debug_aranges)
 .debug_aranges
                0x00000000       0x20 C:/avr-gcc/bin/../lib/gcc/avr/15.2.0/avr5\libgcc.a(_exit.o)
 .debug_aranges
                0x00000020       0x20 C:/avr-gcc/bin/../lib/gcc/avr/15.2.0/avr5\libgcc.a(_copy_data.o)
 .debug_aranges
                0x00000040       0x20 C:/avr-gcc/bin/../lib/gcc/avr/15.2.0/avr5\libgcc.a(_clear_bss.o)

.debug_pubnames
 *(.debug_pubnames)

.debug_info     0x00000000      0x552
 *(.debug_info .gnu.linkonce.wi.*)
 .debug_info    0x00000000      0x4e6 C:/avr-gcc/bin/../lib/gcc/avr/15.2.0/../../../../avr/lib/avr5/crtatmega32.o
 .debug_info    0x000004e6       0x24 C:/avr-gcc/bin/../lib/gcc/avr/15.2.0/avr5\libgcc.a(_exit.o)
 .debug_info    0x0000050a       0x24 C:/avr-gcc/bin/../lib/gcc/avr/15.2.0/avr5\libgcc.a(_copy_data.o)
 .debug_info    0x0000052e       0x24 C:/avr-gcc/bin/../lib/gcc/avr/15.2.0/avr5\libgcc.a(_clear_bss.o)

.debug_abbrev   0x00000000      0x4df
 *(.debug_abbrev)
 .debug_abbrev  0x00000000      0x4a3 C:/avr-gcc/bin/../lib/gcc/avr/15.2.0/../../../../avr/lib/avr5/crtatmega32.o
 .debug_abbrev  0x000004a3       0x14 C:/avr-gcc/bin/../lib/gcc/avr/15.2.0/avr5\libgcc.a(_exit.o)
 .debug_abbrev  0x000004b7       0x14 C:/avr-gcc/bin/../lib/gcc/avr/15.2.0/avr5\libgcc.a(_copy_data.o)
 .debug_abbrev  0x000004cb       0x14 C:/avr-gcc/bin/../lib/gcc/avr/15.2.0/avr5\libgcc.a(_clear_bss.o)

.debug_line     0x00000000      0x16a
 *(.debug_line .debug_line.* .debug_line_end)
 .debug_line    0x00000000       0x1d C:/avr-gcc/bin/../lib/gcc/avr/15.2.0/../../../../avr/lib/avr5/crtatmega32.o
 .debug_line    0x0000001d       0x51 C:/avr-gcc/bin/../lib/gcc/avr/15.2.0/avr5\libgcc.a(_exit.o)
 .debug_line    0x0000006e       0x87 C:/avr-gcc/bin/../lib/gcc/avr/15.2.0/avr5\libgcc.a(_copy_data.o)
 .debug_line    0x000000f5       0x75 C:/avr-gcc/bin/../lib/gcc/avr/15.2.0/avr5\libgcc.a(_clear_bss.o)

.debug_frame
 *(.debug_frame)

.debug_str      0x00000000      0x1fe
 *(.debug_str)
 .debug_str     0x00000000      0x196 C:/avr-gcc/bin/../lib/gcc/avr/15.2.0/../../../../avr/lib/avr5/crtatmega32.o
 .debug_str     0x00000196       0x68 C:/avr-gcc/bin/../lib/gcc/avr/15.2.0/avr5\libgcc.a(_exit.o)
 .debug_str     0x000001fe        0x0 C:/avr-gcc/bin/../lib/gcc/avr/15.2.0/avr5\libgcc.a(_copy_data.o)
                                 0x68 (size before relaxing)
 .debug_str     0x000001fe        0x0 C:/avr-gcc/bin/../lib/gcc/avr/15.2.0/avr5\libgcc.a(_clear_bss.o)
                                 0x68 (size before relaxing)

.debug_loc
 *(.debug_loc)

.debug_macinfo
 *(.debug_macinfo)

.debug_weaknames
 *(.debug_weaknames)

.debug_funcnames
 *(.debug_funcnames)

.debug_typenames
 *(.debug_typenames)

.debug_varnames
 *(.debug_varnames)

.debug_pubtypes
 *(.debug_pubtypes)

.debug_ranges
 *(.debug_ranges)

.debug_addr
 *(.debug_addr)

.debug_line_str
                0x00000000       0x5c
 *(.debug_line_str)
 .debug_line_str
                0x00000000       0x5c C:/avr-gcc/bin/../lib/gcc/avr/15.2.0/avr5\libgcc.a(_exit.o)
 .debug_line_str
                0x0000005c        0x0 C:/avr-gcc/bin/../lib/gcc/avr/15.2.0/avr5\libgcc.a(_copy_data.o)
                                 0x5c (size before relaxing)
 .debug_line_str
                0x0000005c        0x0 C:/avr-gcc/bin/../lib/gcc/avr/15.2.0/avr5\libgcc.a(_clear_bss.o)
                                 0x5c (size before relaxing)

.debug_loclists
 *(.debug_loclists)

.debug_macro
 *(.debug_macro)

.debug_names
 *(.debug_names)

.debug_rnglists
 *(.debug_rnglists)

.debug_str_offsets
 *(.debug_str_offsets)

.debug_sup
 *(.debug_sup)
OUTPUT(build/program.elf elf32-avr)
LOAD linker stubs
