Archive member included because of file (symbol)

c:/winavr-20100110/bin/../lib/gcc/avr/4.3.3/avr5\libgcc.a(_exit.o)
                              c:/winavr-20100110/bin/../lib/gcc/avr/4.3.3/../../../../avr/lib/avr5/crtm32.o (exit)
c:/winavr-20100110/bin/../lib/gcc/avr/4.3.3/avr5\libgcc.a(_copy_data.o)
                              build/HAL/SevenSegment/SevenSegment.o (__do_copy_data)
c:/winavr-20100110/bin/../lib/gcc/avr/4.3.3/avr5\libgcc.a(_clear_bss.o)
                              build/MCAL/INTERRUPT/INTERRUPT.o (__do_clear_bss)

Discarded input sections

 .data          0x00000000        0x0 c:/winavr-20100110/bin/../lib/gcc/avr/4.3.3/../../../../avr/lib/avr5/crtm32.o
 .bss           0x00000000        0x0 c:/winavr-20100110/bin/../lib/gcc/avr/4.3.3/../../../../avr/lib/avr5/crtm32.o
 .text          0x00000000        0x0 build/main.o
 .data          0x00000000        0x0 build/main.o
 .bss           0x00000000        0x0 build/main.o
 .text          0x00000000        0x0 build/HAL/KeyPad/KeyPad.o
 .data          0x00000000        0x0 build/HAL/KeyPad/KeyPad.o
 .bss           0x00000000        0x0 build/HAL/KeyPad/KeyPad.o
 .text.KeyPad_Init
                0x00000000        0x0 build/HAL/KeyPad/KeyPad.o
 .text.KeyPad_GetPressedKey
                0x00000000        0x0 build/HAL/KeyPad/KeyPad.o
 .text          0x00000000        0x0 build/HAL/SevenSegment/SevenSegment.o
 .data          0x00000000        0x0 build/HAL/SevenSegment/SevenSegment.o
 .bss           0x00000000        0x0 build/HAL/SevenSegment/SevenSegment.o
 .text.SevenSegment_Display
                0x00000000        0x0 build/HAL/SevenSegment/SevenSegment.o
 .text.SevenSegment_Init
                0x00000000        0x0 build/HAL/SevenSegment/SevenSegment.o
 .rodata.segmentPatterns.1228
                0x00000000        0x0 build/HAL/SevenSegment/SevenSegment.o
 .text          0x00000000        0x0 build/MCAL/ADC/ADC.o
 .data          0x00000000        0x0 build/MCAL/ADC/ADC.o
 .bss           0x00000000        0x0 build/MCAL/ADC/ADC.o
 .text.ADC_Init
                0x00000000        0x0 build/MCAL/ADC/ADC.o
 .text.ADC_ReadChannel
                0x00000000        0x0 build/MCAL/ADC/ADC.o
 .text          0x00000000        0x0 build/MCAL/GPIO/GPIO.o
 .data          0x00000000        0x0 build/MCAL/GPIO/GPIO.o
 .bss           0x00000000        0x0 build/MCAL/GPIO/GPIO.o
 .text.GPIO_SetPinValue
                0x00000000        0x0 build/MCAL/GPIO/GPIO.o
 .text.GPIO_GetPinValue
                0x00000000        0x0 build/MCAL/GPIO/GPIO.o
 .text.GPIO_SetPortDirection
                0x00000000        0x0 build/MCAL/GPIO/GPIO.o
 .text.GPIO_SetPortValue
                0x00000000        0x0 build/MCAL/GPIO/GPIO.o
 .text.GPIO_GetPortValue
                0x00000000        0x0 build/MCAL/GPIO/GPIO.o
 .text          0x00000000        0x0 build/MCAL/I2C/I2C.o
 .data          0x00000000        0x0 build/MCAL/I2C/I2C.o
 .bss           0x00000000        0x0 build/MCAL/I2C/I2C.o
 .text          0x00000000        0x0 build/MCAL/INTERRUPT/INTERRUPT.o
 .data          0x00000000        0x0 build/MCAL/INTERRUPT/INTERRUPT.o
 .bss           0x00000000        0x0 build/MCAL/INTERRUPT/INTERRUPT.o
 .text.INTERRUPT_DisableGlobal
                0x00000000        0x0 build/MCAL/INTERRUPT/INTERRUPT.o
 .text.EXTI_Disable
                0x00000000        0x0 build/MCAL/INTERRUPT/INTERRUPT.o
 .text          0x00000000        0x0 build/MCAL/SPI/SPI.o
 .data          0x00000000        0x0 build/MCAL/SPI/SPI.o
 .bss           0x00000000        0x0 build/MCAL/SPI/SPI.o
 .text          0x00000000        0x0 build/MCAL/TIMER/TIMER.o
 .data          0x00000000        0x0 build/MCAL/TIMER/TIMER.o
 .bss           0x00000000        0x0 build/MCAL/TIMER/TIMER.o
 .text.TIMER0_DelayS
                0x00000000        0x0 build/MCAL/TIMER/TIMER.o
 .text.TIMER0_PWM
                0x00000000        0x0 build/MCAL/TIMER/TIMER.o
 .text.TIMER0_Stop
                0x00000000        0x0 build/MCAL/TIMER/TIMER.o
 .text.TIMER1_Init
                0x00000000        0x0 build/MCAL/TIMER/TIMER.o
 .text.TIMER1_DelayMS
                0x00000000        0x0 build/MCAL/TIMER/TIMER.o
 .text.TIMER1_PWM
                0x00000000        0x0 build/MCAL/TIMER/TIMER.o
 .text.TIMER1_Stop
                0x00000000        0x0 build/MCAL/TIMER/TIMER.o
 .text          0x00000000        0x0 build/MCAL/UART/UART.o
 .data          0x00000000        0x0 build/MCAL/UART/UART.o
 .bss           0x00000000        0x0 build/MCAL/UART/UART.o
 .text          0x00000000        0x0 c:/winavr-20100110/bin/../lib/gcc/avr/4.3.3/avr5\libgcc.a(_exit.o)
 .data          0x00000000        0x0 c:/winavr-20100110/bin/../lib/gcc/avr/4.3.3/avr5\libgcc.a(_exit.o)
 .bss           0x00000000        0x0 c:/winavr-20100110/bin/../lib/gcc/avr/4.3.3/avr5\libgcc.a(_exit.o)
 .text.libgcc   0x00000000        0x0 c:/winavr-20100110/bin/../lib/gcc/avr/4.3.3/avr5\libgcc.a(_exit.o)
 .text          0x00000000        0x0 c:/winavr-20100110/bin/../lib/gcc/avr/4.3.3/avr5\libgcc.a(_copy_data.o)
 .data          0x00000000        0x0 c:/winavr-20100110/bin/../lib/gcc/avr/4.3.3/avr5\libgcc.a(_copy_data.o)
 .bss           0x00000000        0x0 c:/winavr-20100110/bin/../lib/gcc/avr/4.3.3/avr5\libgcc.a(_copy_data.o)
 .text.libgcc   0x00000000        0x0 c:/winavr-20100110/bin/../lib/gcc/avr/4.3.3/avr5\libgcc.a(_copy_data.o)
 .text          0x00000000        0x0 c:/winavr-20100110/bin/../lib/gcc/avr/4.3.3/avr5\libgcc.a(_clear_bss.o)
 .data          0x00000000        0x0 c:/winavr-20100110/bin/../lib/gcc/avr/4.3.3/avr5\libgcc.a(_clear_bss.o)
 .bss           0x00000000        0x0 c:/winavr-20100110/bin/../lib/gcc/avr/4.3.3/avr5\libgcc.a(_clear_bss.o)
 .text.libgcc   0x00000000        0x0 c:/winavr-20100110/bin/../lib/gcc/avr/4.3.3/avr5\libgcc.a(_clear_bss.o)

Memory Configuration

Name             Origin             Length             Attributes
text             0x00000000         0x00020000         xr
data             0x00800060         0x0000ffa0         rw !x
eeprom           0x00810000         0x00010000         rw !x
fuse             0x00820000         0x00000400         rw !x
lock             0x00830000         0x00000400         rw !x
signature        0x00840000         0x00000400         rw !x
*default*        0x00000000         0xffffffff

Linker script and memory map

LOAD c:/winavr-20100110/bin/../lib/gcc/avr/4.3.3/../../../../avr/lib/avr5/crtm32.o
LOAD build/main.o
LOAD build/HAL/KeyPad/KeyPad.o
LOAD build/HAL/SevenSegment/SevenSegment.o
LOAD build/MCAL/ADC/ADC.o
LOAD build/MCAL/GPIO/GPIO.o
LOAD build/MCAL/I2C/I2C.o
LOAD build/MCAL/INTERRUPT/INTERRUPT.o
LOAD build/MCAL/SPI/SPI.o
LOAD build/MCAL/TIMER/TIMER.o
LOAD build/MCAL/UART/UART.o
LOAD c:/winavr-20100110/bin/../lib/gcc/avr/4.3.3/avr5\libgcc.a
LOAD c:/winavr-20100110/bin/../lib/gcc/avr/4.3.3/../../../../avr/lib/avr5\libc.a
LOAD c:/winavr-20100110/bin/../lib/gcc/avr/4.3.3/avr5\libgcc.a

.hash
 *(.hash)

.dynsym
 *(.dynsym)

.dynstr
 *(.dynstr)

.gnu.version
 *(.gnu.version)

.gnu.version_d
 *(.gnu.version_d)

.gnu.version_r
 *(.gnu.version_r)

.rel.init
 *(.rel.init)

.rela.init
 *(.rela.init)

.rel.text
 *(.rel.text)
 *(.rel.text.*)
 *(.rel.gnu.linkonce.t*)

.rela.text
 *(.rela.text)
 *(.rela.text.*)
 *(.rela.gnu.linkonce.t*)

.rel.fini
 *(.rel.fini)

.rela.fini
 *(.rela.fini)

.rel.rodata
 *(.rel.rodata)
 *(.rel.rodata.*)
 *(.rel.gnu.linkonce.r*)

.rela.rodata
 *(.rela.rodata)
 *(.rela.rodata.*)
 *(.rela.gnu.linkonce.r*)

.rel.data
 *(.rel.data)
 *(.rel.data.*)
 *(.rel.gnu.linkonce.d*)

.rela.data
 *(.rela.data)
 *(.rela.data.*)
 *(.rela.gnu.linkonce.d*)

.rel.ctors
 *(.rel.ctors)

.rela.ctors
 *(.rela.ctors)

.rel.dtors
 *(.rel.dtors)

.rela.dtors
 *(.rela.dtors)

.rel.got
 *(.rel.got)

.rela.got
 *(.rela.got)

.rel.bss
 *(.rel.bss)

.rela.bss
 *(.rela.bss)

.rel.plt
 *(.rel.plt)

.rela.plt
 *(.rela.plt)

.text           0x00000000      0x568
 *(.vectors)
 .vectors       0x00000000       0x54 c:/winavr-20100110/bin/../lib/gcc/avr/4.3.3/../../../../avr/lib/avr5/crtm32.o
                0x00000000                __vectors
                0x00000000                __vector_default
 *(.vectors)
 *(.progmem.gcc*)
 *(.progmem*)
                0x00000054                . = ALIGN (0x2)
                0x00000054                __trampolines_start = .
 *(.trampolines)
 .trampolines   0x00000054        0x0 linker stubs
 *(.trampolines*)
                0x00000054                __trampolines_end = .
 *(.jumptables)
 *(.jumptables*)
 *(.lowtext)
 *(.lowtext*)
                0x00000054                __ctors_start = .
 *(.ctors)
                0x00000054                __ctors_end = .
                0x00000054                __dtors_start = .
 *(.dtors)
                0x00000054                __dtors_end = .
 SORT(*)(.ctors)
 SORT(*)(.dtors)
 *(.init0)
 .init0         0x00000054        0x0 c:/winavr-20100110/bin/../lib/gcc/avr/4.3.3/../../../../avr/lib/avr5/crtm32.o
                0x00000054                __init
 *(.init0)
 *(.init1)
 *(.init1)
 *(.init2)
 .init2         0x00000054        0xc c:/winavr-20100110/bin/../lib/gcc/avr/4.3.3/../../../../avr/lib/avr5/crtm32.o
 *(.init2)
 *(.init3)
 *(.init3)
 *(.init4)
 .init4         0x00000060       0x16 c:/winavr-20100110/bin/../lib/gcc/avr/4.3.3/avr5\libgcc.a(_copy_data.o)
                0x00000060                __do_copy_data
 .init4         0x00000076       0x10 c:/winavr-20100110/bin/../lib/gcc/avr/4.3.3/avr5\libgcc.a(_clear_bss.o)
                0x00000076                __do_clear_bss
 *(.init4)
 *(.init5)
 *(.init5)
 *(.init6)
 *(.init6)
 *(.init7)
 *(.init7)
 *(.init8)
 *(.init8)
 *(.init9)
 .init9         0x00000086        0x8 c:/winavr-20100110/bin/../lib/gcc/avr/4.3.3/../../../../avr/lib/avr5/crtm32.o
 *(.init9)
 *(.text)
 .text          0x0000008e        0x4 c:/winavr-20100110/bin/../lib/gcc/avr/4.3.3/../../../../avr/lib/avr5/crtm32.o
                0x0000008e                __vector_12
                0x0000008e                __bad_interrupt
                0x0000008e                __vector_6
                0x0000008e                __vector_11
                0x0000008e                __vector_13
                0x0000008e                __vector_17
                0x0000008e                __vector_19
                0x0000008e                __vector_7
                0x0000008e                __vector_5
                0x0000008e                __vector_4
                0x0000008e                __vector_9
                0x0000008e                __vector_15
                0x0000008e                __vector_8
                0x0000008e                __vector_14
                0x0000008e                __vector_10
                0x0000008e                __vector_16
                0x0000008e                __vector_18
                0x0000008e                __vector_20
                0x00000092                . = ALIGN (0x2)
 *(.text.*)
 .text.INT0_Handler
                0x00000092        0xa build/main.o
                0x00000092                INT0_Handler
 .text.main     0x0000009c       0x50 build/main.o
                0x0000009c                main
 .text.GPIO_SetPinDirection
                0x000000ec      0x1b6 build/MCAL/GPIO/GPIO.o
                0x000000ec                GPIO_SetPinDirection
 .text.GPIO_TogglePinValue
                0x000002a2       0x7e build/MCAL/GPIO/GPIO.o
                0x000002a2                GPIO_TogglePinValue
 .text.INTERRUPT_EnableGlobal
                0x00000320        0x8 build/MCAL/INTERRUPT/INTERRUPT.o
                0x00000320                INTERRUPT_EnableGlobal
 .text.EXTI_ClearFlag
                0x00000328       0x2c build/MCAL/INTERRUPT/INTERRUPT.o
                0x00000328                EXTI_ClearFlag
 .text.EXTI_SetSense
                0x00000354       0x58 build/MCAL/INTERRUPT/INTERRUPT.o
                0x00000354                EXTI_SetSense
 .text.EXTI_Enable
                0x000003ac       0x3c build/MCAL/INTERRUPT/INTERRUPT.o
                0x000003ac                EXTI_Enable
 .text.EXTI_SetCallback
                0x000003e8       0x28 build/MCAL/INTERRUPT/INTERRUPT.o
                0x000003e8                EXTI_SetCallback
 .text.__vector_1
                0x00000410       0x5a build/MCAL/INTERRUPT/INTERRUPT.o
                0x00000410                __vector_1
 .text.__vector_2
                0x0000046a       0x5a build/MCAL/INTERRUPT/INTERRUPT.o
                0x0000046a                __vector_2
 .text.__vector_3
                0x000004c4       0x5a build/MCAL/INTERRUPT/INTERRUPT.o
                0x000004c4                __vector_3
 .text.TIMER0_Init
                0x0000051e       0x10 build/MCAL/TIMER/TIMER.o
                0x0000051e                TIMER0_Init
 .text.TIMER0_DelayMS
                0x0000052e       0x36 build/MCAL/TIMER/TIMER.o
                0x0000052e                TIMER0_DelayMS
                0x00000564                . = ALIGN (0x2)
 *(.fini9)
 .fini9         0x00000564        0x0 c:/winavr-20100110/bin/../lib/gcc/avr/4.3.3/avr5\libgcc.a(_exit.o)
                0x00000564                exit
                0x00000564                _exit
 *(.fini9)
 *(.fini8)
 *(.fini8)
 *(.fini7)
 *(.fini7)
 *(.fini6)
 *(.fini6)
 *(.fini5)
 *(.fini5)
 *(.fini4)
 *(.fini4)
 *(.fini3)
 *(.fini3)
 *(.fini2)
 *(.fini2)
 *(.fini1)
 *(.fini1)
 *(.fini0)
 .fini0         0x00000564        0x4 c:/winavr-20100110/bin/../lib/gcc/avr/4.3.3/avr5\libgcc.a(_exit.o)
 *(.fini0)
                0x00000568                _etext = .

.data           0x00800060        0x0 load address 0x00000568
                0x00800060                PROVIDE (__data_start, .)
 *(.data)
 *(.data*)
 *(.rodata)
 *(.rodata*)
 *(.gnu.linkonce.d*)
                0x00800060                . = ALIGN (0x2)
                0x00800060                _edata = .
                0x00800060                PROVIDE (__data_end, .)

.bss            0x00800060        0x6
                0x00800060                PROVIDE (__bss_start, .)
 *(.bss)
 *(.bss*)
 .bss.callback  0x00800060        0x6 build/MCAL/INTERRUPT/INTERRUPT.o
 *(COMMON)
                0x00800066                PROVIDE (__bss_end, .)
                0x00000568                __data_load_start = LOADADDR (.data)
                0x00000568                __data_load_end = (__data_load_start + SIZEOF (.data))

.noinit         0x00800066        0x0
                0x00800066                PROVIDE (__noinit_start, .)
 *(.noinit*)
                0x00800066                PROVIDE (__noinit_end, .)
                0x00800066                _end = .
                0x00800066                PROVIDE (__heap_start, .)

.eeprom         0x00810000        0x0
 *(.eeprom*)
                0x00810000                __eeprom_end = .

.fuse
 *(.fuse)
 *(.lfuse)
 *(.hfuse)
 *(.efuse)

.lock
 *(.lock*)

.signature
 *(.signature*)

.stab
 *(.stab)

.stabstr
 *(.stabstr)

.stab.excl
 *(.stab.excl)

.stab.exclstr
 *(.stab.exclstr)

.stab.index
 *(.stab.index)

.stab.indexstr
 *(.stab.indexstr)

.comment
 *(.comment)

.debug
 *(.debug)

.line
 *(.line)

.debug_srcinfo
 *(.debug_srcinfo)

.debug_sfnames
 *(.debug_sfnames)

.debug_aranges
 *(.debug_aranges)

.debug_pubnames
 *(.debug_pubnames)

.debug_info
 *(.debug_info)
 *(.gnu.linkonce.wi.*)

.debug_abbrev
 *(.debug_abbrev)

.debug_line
 *(.debug_line)

.debug_frame
 *(.debug_frame)

.debug_str
 *(.debug_str)

.debug_loc
 *(.debug_loc)

.debug_macinfo
 *(.debug_macinfo)
OUTPUT(build/program.elf elf32-avr)
LOAD linker stubs
